ASxxxx Linker V03.00 + NoICE + sdld,  page 1.
Hexadecimal  [32-Bits]

Area                                    Addr        Size        Decimal Bytes (Attributes)
--------------------------------        ----        ----        ------- ----- ------------
CABS                                00000000    00000000 =           0. bytes (ABS,CON,CODE)

      Value  Global                              Global Defined In Module
      -----  --------------------------------   ------------------------
C:   00000000  l_BIT_BANK                      
C:   00000000  l_CABS                          
C:   00000000  l_GSINIT1                       
C:   00000000  l_GSINIT5                       
C:   00000000  l_IABS                          
C:   00000000  l_ISEG                          
C:   00000000  l_PSEG                          
C:   00000000  l_REG_BANK_1                    
C:   00000000  l_REG_BANK_2                    
C:   00000000  l_REG_BANK_3                    
C:   00000000  l_RSEG                          
C:   00000000  l_RSEG0                         
C:   00000000  l_RSEG1                         
C:   00000000  l_XABS                          
C:   00000000  l_XINIT                         
C:   00000000  l_XISEG                         
C:   00000000  l_XSEG                          
C:   00000000  l__CODE                         
C:   00000000  s_BSEG                          
C:   00000000  s_CABS                          
C:   00000000  s_DSEG                          
C:   00000000  s_HOME                          
C:   00000000  s_IABS                          
C:   00000000  s_ISEG                          
C:   00000000  s_REG_BANK_0                    
C:   00000000  s_RSEG                          
C:   00000000  s_RSEG0                         
C:   00000000  s_RSEG1                         
C:   00000000  s_XABS                          
C:   00000001  l_BSEG_BYTES                    
C:   00000001  l_OSEG                          
C:   00000001  s_PSEG                          
C:   00000001  s_XISEG                         
C:   00000001  s_XSEG                          
C:   00000003  l_GSFINAL                       
C:   00000003  l_GSINIT0                       
C:   00000007  l_BSEG                          
C:   00000008  l_REG_BANK_0                    
C:   00000008  s_REG_BANK_1                    
C:   0000000A  l_GSINIT2                       
C:   00000010  s_REG_BANK_2                    
C:   00000018  s_BIT_BANK                      
C:   00000018  s_REG_BANK_3                    
C:   0000001B  l_GSINIT                        
C:   0000001C  s_OSEG                          
C:   00000020  s_BSEG_BYTES                    
C:   00000020  s__CODE                         
C:   00000021  s_SSEG                          
C:   00000022  l_GSINIT3                       
C:   00000029  l_HOME                          
ASxxxx Linker V03.00 + NoICE + sdld,  page 2.
Hexadecimal  [32-Bits]

Area                                    Addr        Size        Decimal Bytes (Attributes)
--------------------------------        ----        ----        ------- ----- ------------
CABS                                00000000    00000000 =           0. bytes (ABS,CON,CODE)

      Value  Global                              Global Defined In Module
      -----  --------------------------------   ------------------------
C:   00000029  s_GSINIT0                       
C:   0000002A  l_GSINIT4                       
C:   0000002C  s_GSINIT1                       
C:   0000002C  s_GSINIT2                       
C:   00000036  s_GSINIT3                       
C:   00000058  s_GSINIT4                       
C:   0000007D  l_DSEG                          
C:   00000082  s_GSINIT                        
C:   00000082  s_GSINIT5                       
C:   0000009D  s_GSFINAL                       
C:   000000A0  s_CSEG                          
C:   000000DF  l_SSEG                          
C:   00000100  l_IRAM                          
C:   0000037F  l_CONST                         
C:   00000998  l_CSEG                          
C:   00000A38  s_CONST                         
C:   00000DB7  s_XINIT                         

ASxxxx Linker V03.00 + NoICE + sdld,  page 3.
Hexadecimal  [32-Bits]

Area                                    Addr        Size        Decimal Bytes (Attributes)
--------------------------------        ----        ----        ------- ----- ------------
.  .ABS.                            00000000    00000000 =           0. bytes (ABS,CON)

      Value  Global                              Global Defined In Module
      -----  --------------------------------   ------------------------
     00000000  .__.ABS.                           _startup
     00000080  G$P0$0$0                           main
     00000080  G$P0_0$0$0                         main
     00000080  _P0                                main
     00000080  _P0_0                              main
     00000081  G$P0_1$0$0                         main
     00000081  G$SP$0$0                           main
     00000081  _P0_1                              main
     00000081  _SP                                main
     00000082  G$DPL$0$0                          main
     00000082  G$P0_2$0$0                         main
     00000082  _DPL                               main
     00000082  _P0_2                              main
     00000083  G$DPH$0$0                          main
     00000083  G$P0_3$0$0                         main
     00000083  _DPH                               main
     00000083  _P0_3                              main
     00000084  G$P0_4$0$0                         main
     00000084  G$SFRPAGE$0$0                      main
     00000084  _P0_4                              main
     00000084  _SFRPAGE                           main
     00000085  G$P0_5$0$0                         main
     00000085  G$SFRNEXT$0$0                      main
     00000085  _P0_5                              main
     00000085  _SFRNEXT                           main
     00000086  G$P0_6$0$0                         main
     00000086  G$SFRLAST$0$0                      main
     00000086  _P0_6                              main
     00000086  _SFRLAST                           main
     00000087  G$P0_7$0$0                         main
     00000087  G$PCON$0$0                         main
     00000087  _P0_7                              main
     00000087  _PCON                              main
     00000088  G$CP0HYN0$0$0                      main
     00000088  G$CP1HYN0$0$0                      main
     00000088  G$CP2HYN0$0$0                      main
     00000088  G$CPT0CN$0$0                       main
     00000088  G$CPT1CN$0$0                       main
     00000088  G$CPT2CN$0$0                       main
     00000088  G$IT0$0$0                          main
     00000088  G$TCON$0$0                         main
     00000088  _CP0HYN0                           main
     00000088  _CP1HYN0                           main
     00000088  _CP2HYN0                           main
     00000088  _CPT0CN                            main
     00000088  _CPT1CN                            main
     00000088  _CPT2CN                            main
     00000088  _IT0                               main
     00000088  _TCON                              main
     00000089  G$CP0HYN1$0$0                      main
ASxxxx Linker V03.00 + NoICE + sdld,  page 4.
Hexadecimal  [32-Bits]

Area                                    Addr        Size        Decimal Bytes (Attributes)
--------------------------------        ----        ----        ------- ----- ------------
.  .ABS.                            00000000    00000000 =           0. bytes (ABS,CON)

      Value  Global                              Global Defined In Module
      -----  --------------------------------   ------------------------
     00000089  G$CP1HYN1$0$0                      main
     00000089  G$CP2HYN1$0$0                      main
     00000089  G$CPT0MD$0$0                       main
     00000089  G$CPT1MD$0$0                       main
     00000089  G$CPT2MD$0$0                       main
     00000089  G$IE0$0$0                          main
     00000089  G$TMOD$0$0                         main
     00000089  _CP0HYN1                           main
     00000089  _CP1HYN1                           main
     00000089  _CP2HYN1                           main
     00000089  _CPT0MD                            main
     00000089  _CPT1MD                            main
     00000089  _CPT2MD                            main
     00000089  _IE0                               main
     00000089  _TMOD                              main
     0000008A  G$CP0HYP0$0$0                      main
     0000008A  G$CP1HYP0$0$0                      main
     0000008A  G$CP2HYP0$0$0                      main
     0000008A  G$IT1$0$0                          main
     0000008A  G$OSCICN$0$0                       main
     0000008A  G$TL0$0$0                          main
     0000008A  _CP0HYP0                           main
     0000008A  _CP1HYP0                           main
     0000008A  _CP2HYP0                           main
     0000008A  _IT1                               main
     0000008A  _OSCICN                            main
     0000008A  _TL0                               main
     0000008B  G$CP0HYP1$0$0                      main
     0000008B  G$CP1HYP1$0$0                      main
     0000008B  G$CP2HYP1$0$0                      main
     0000008B  G$IE1$0$0                          main
     0000008B  G$OSCICL$0$0                       main
     0000008B  G$TL1$0$0                          main
     0000008B  _CP0HYP1                           main
     0000008B  _CP1HYP1                           main
     0000008B  _CP2HYP1                           main
     0000008B  _IE1                               main
     0000008B  _OSCICL                            main
     0000008B  _TL1                               main
     0000008C  G$CP0FIF$0$0                       main
     0000008C  G$CP1FIF$0$0                       main
     0000008C  G$CP2FIF$0$0                       main
     0000008C  G$OSCXCN$0$0                       main
     0000008C  G$TH0$0$0                          main
     0000008C  G$TR0$0$0                          main
     0000008C  _CP0FIF                            main
     0000008C  _CP1FIF                            main
     0000008C  _CP2FIF                            main
     0000008C  _OSCXCN                            main
     0000008C  _TH0                               main
     0000008C  _TR0                               main
ASxxxx Linker V03.00 + NoICE + sdld,  page 5.
Hexadecimal  [32-Bits]

Area                                    Addr        Size        Decimal Bytes (Attributes)
--------------------------------        ----        ----        ------- ----- ------------
.  .ABS.                            00000000    00000000 =           0. bytes (ABS,CON)

      Value  Global                              Global Defined In Module
      -----  --------------------------------   ------------------------
     0000008D  G$CP0RIF$0$0                       main
     0000008D  G$CP1RIF$0$0                       main
     0000008D  G$CP2RIF$0$0                       main
     0000008D  G$TF0$0$0                          main
     0000008D  G$TH1$0$0                          main
     0000008D  _CP0RIF                            main
     0000008D  _CP1RIF                            main
     0000008D  _CP2RIF                            main
     0000008D  _TF0                               main
     0000008D  _TH1                               main
     0000008E  G$CKCON$0$0                        main
     0000008E  G$CP0OUT$0$0                       main
     0000008E  G$CP1OUT$0$0                       main
     0000008E  G$CP2OUT$0$0                       main
     0000008E  G$TR1$0$0                          main
     0000008E  _CKCON                             main
     0000008E  _CP0OUT                            main
     0000008E  _CP1OUT                            main
     0000008E  _CP2OUT                            main
     0000008E  _TR1                               main
     0000008F  G$CP0EN$0$0                        main
     0000008F  G$CP1EN$0$0                        main
     0000008F  G$CP2EN$0$0                        main
     0000008F  G$PSCTL$0$0                        main
     0000008F  G$TF1$0$0                          main
     0000008F  _CP0EN                             main
     0000008F  _CP1EN                             main
     0000008F  _CP2EN                             main
     0000008F  _PSCTL                             main
     0000008F  _TF1                               main
     00000090  G$P1$0$0                           main
     00000090  G$P1_0$0$0                         main
     00000090  _P1                                main
     00000090  _P1_0                              main
     00000091  G$P1_1$0$0                         main
     00000091  G$SSTA0$0$0                        main
     00000091  _P1_1                              main
     00000091  _SSTA0                             main
     00000092  G$P1_2$0$0                         main
     00000092  _P1_2                              main
     00000093  G$P1_3$0$0                         main
     00000093  _P1_3                              main
     00000094  G$P1_4$0$0                         main
     00000094  _P1_4                              main
     00000095  G$P1_5$0$0                         main
     00000095  _P1_5                              main
     00000096  G$P1_6$0$0                         main
     00000096  G$SFRPGCN$0$0                      main
     00000096  _P1_6                              main
     00000096  _SFRPGCN                           main
     00000097  G$CLKSEL$0$0                       main
ASxxxx Linker V03.00 + NoICE + sdld,  page 6.
Hexadecimal  [32-Bits]

Area                                    Addr        Size        Decimal Bytes (Attributes)
--------------------------------        ----        ----        ------- ----- ------------
.  .ABS.                            00000000    00000000 =           0. bytes (ABS,CON)

      Value  Global                              Global Defined In Module
      -----  --------------------------------   ------------------------
     00000097  G$P1_7$0$0                         main
     00000097  _CLKSEL                            main
     00000097  _P1_7                              main
     00000098  G$RI0$0$0                          main
     00000098  G$RI1$0$0                          main
     00000098  G$SCON0$0$0                        main
     00000098  G$SCON1$0$0                        main
     00000098  _RI0                               main
     00000098  _RI1                               main
     00000098  _SCON0                             main
     00000098  _SCON1                             main
     00000099  G$SBUF0$0$0                        main
     00000099  G$SBUF1$0$0                        main
     00000099  G$TI0$0$0                          main
     00000099  G$TI1$0$0                          main
     00000099  _SBUF0                             main
     00000099  _SBUF1                             main
     00000099  _TI0                               main
     00000099  _TI1                               main
     0000009A  G$RB80$0$0                         main
     0000009A  G$RB81$0$0                         main
     0000009A  G$SPI0CFG$0$0                      main
     0000009A  _RB80                              main
     0000009A  _RB81                              main
     0000009A  _SPI0CFG                           main
     0000009B  G$SPI0DAT$0$0                      main
     0000009B  G$TB80$0$0                         main
     0000009B  G$TB81$0$0                         main
     0000009B  _SPI0DAT                           main
     0000009B  _TB80                              main
     0000009B  _TB81                              main
     0000009C  G$P4MDOUT$0$0                      main
     0000009C  G$REN0$0$0                         main
     0000009C  G$REN1$0$0                         main
     0000009C  _P4MDOUT                           main
     0000009C  _REN0                              main
     0000009C  _REN1                              main
     0000009D  G$MCE1$0$0                         main
     0000009D  G$P5MDOUT$0$0                      main
     0000009D  G$SM20$0$0                         main
     0000009D  G$SPI0CKR$0$0                      main
     0000009D  _MCE1                              main
     0000009D  _P5MDOUT                           main
     0000009D  _SM20                              main
     0000009D  _SPI0CKR                           main
     0000009E  G$P6MDOUT$0$0                      main
     0000009E  G$SM10$0$0                         main
     0000009E  _P6MDOUT                           main
     0000009E  _SM10                              main
     0000009F  G$P7MDOUT$0$0                      main
     0000009F  G$S1MODE$0$0                       main
ASxxxx Linker V03.00 + NoICE + sdld,  page 7.
Hexadecimal  [32-Bits]

Area                                    Addr        Size        Decimal Bytes (Attributes)
--------------------------------        ----        ----        ------- ----- ------------
.  .ABS.                            00000000    00000000 =           0. bytes (ABS,CON)

      Value  Global                              Global Defined In Module
      -----  --------------------------------   ------------------------
     0000009F  G$SM00$0$0                         main
     0000009F  _P7MDOUT                           main
     0000009F  _S1MODE                            main
     0000009F  _SM00                              main
     000000A0  G$P2$0$0                           main
     000000A0  G$P2_0$0$0                         main
     000000A0  _P2                                main
     000000A0  _P2_0                              main
     000000A1  G$EMI0TC$0$0                       main
     000000A1  G$P2_1$0$0                         main
     000000A1  _EMI0TC                            main
     000000A1  _P2_1                              main
     000000A2  G$EMI0CN$0$0                       main
     000000A2  G$P2_2$0$0                         main
     000000A2  G$_XPAGE$0$0                       main
     000000A2  _EMI0CN                            main
     000000A2  _P2_2                              main
     000000A2  __XPAGE                            main
     000000A3  G$EMI0CF$0$0                       main
     000000A3  G$P2_3$0$0                         main
     000000A3  _EMI0CF                            main
     000000A3  _P2_3                              main
     000000A4  G$P0MDOUT$0$0                      main
     000000A4  G$P2_4$0$0                         main
     000000A4  _P0MDOUT                           main
     000000A4  _P2_4                              main
     000000A5  G$P1MDOUT$0$0                      main
     000000A5  G$P2_5$0$0                         main
     000000A5  _P1MDOUT                           main
     000000A5  _P2_5                              main
     000000A6  G$P2MDOUT$0$0                      main
     000000A6  G$P2_6$0$0                         main
     000000A6  _P2MDOUT                           main
     000000A6  _P2_6                              main
     000000A7  G$P2_7$0$0                         main
     000000A7  G$P3MDOUT$0$0                      main
     000000A7  _P2_7                              main
     000000A7  _P3MDOUT                           main
     000000A8  G$EX0$0$0                          main
     000000A8  G$IE$0$0                           main
     000000A8  _EX0                               main
     000000A8  _IE                                main
     000000A9  G$ET0$0$0                          main
     000000A9  G$SADDR0$0$0                       main
     000000A9  G$SADDR1$0$0                       main
     000000A9  _ET0                               main
     000000A9  _SADDR0                            main
     000000A9  _SADDR1                            main
     000000AA  G$EX1$0$0                          main
     000000AA  _EX1                               main
     000000AB  G$ET1$0$0                          main
ASxxxx Linker V03.00 + NoICE + sdld,  page 8.
Hexadecimal  [32-Bits]

Area                                    Addr        Size        Decimal Bytes (Attributes)
--------------------------------        ----        ----        ------- ----- ------------
.  .ABS.                            00000000    00000000 =           0. bytes (ABS,CON)

      Value  Global                              Global Defined In Module
      -----  --------------------------------   ------------------------
     000000AB  _ET1                               main
     000000AC  G$ES0$0$0                          main
     000000AC  _ES0                               main
     000000AD  G$ET2$0$0                          main
     000000AD  G$P1MDIN$0$0                       main
     000000AD  _ET2                               main
     000000AD  _P1MDIN                            main
     000000AE  G$P2MDIN$0$0                       main
     000000AE  _P2MDIN                            main
     000000AF  G$EA$0$0                           main
     000000AF  G$P3MDIN$0$0                       main
     000000AF  _EA                                main
     000000AF  _P3MDIN                            main
     000000B0  G$P3$0$0                           main
     000000B0  G$P3_0$0$0                         main
     000000B0  _P3                                main
     000000B0  _P3_0                              main
     000000B1  G$P3_1$0$0                         main
     000000B1  _P3_1                              main
     000000B2  G$P3_2$0$0                         main
     000000B2  _P3_2                              main
     000000B3  G$P3_3$0$0                         main
     000000B3  _P3_3                              main
     000000B4  G$P3_4$0$0                         main
     000000B4  _P3_4                              main
     000000B5  G$P3_5$0$0                         main
     000000B5  _P3_5                              main
     000000B6  G$P3_6$0$0                         main
     000000B6  _P3_6                              main
     000000B7  G$FLACL$0$0                        main
     000000B7  G$FLSCL$0$0                        main
     000000B7  G$P3_7$0$0                         main
     000000B7  _FLACL                             main
     000000B7  _FLSCL                             main
     000000B7  _P3_7                              main
     000000B8  G$IP$0$0                           main
     000000B8  G$PX0$0$0                          main
     000000B8  _IP                                main
     000000B8  _PX0                               main
     000000B9  G$PT0$0$0                          main
     000000B9  G$SADEN0$0$0                       main
     000000B9  _PT0                               main
     000000B9  _SADEN0                            main
     000000BA  G$AMX0CF$0$0                       main
     000000BA  G$AMX2CF$0$0                       main
     000000BA  G$PX1$0$0                          main
     000000BA  _AMX0CF                            main
     000000BA  _AMX2CF                            main
     000000BA  _PX1                               main
     000000BB  G$AMX0SL$0$0                       main
     000000BB  G$AMX2SL$0$0                       main
ASxxxx Linker V03.00 + NoICE + sdld,  page 9.
Hexadecimal  [32-Bits]

Area                                    Addr        Size        Decimal Bytes (Attributes)
--------------------------------        ----        ----        ------- ----- ------------
.  .ABS.                            00000000    00000000 =           0. bytes (ABS,CON)

      Value  Global                              Global Defined In Module
      -----  --------------------------------   ------------------------
     000000BB  G$PT1$0$0                          main
     000000BB  _AMX0SL                            main
     000000BB  _AMX2SL                            main
     000000BB  _PT1                               main
     000000BC  G$ADC0CF$0$0                       main
     000000BC  G$ADC2CF$0$0                       main
     000000BC  G$PS0$0$0                          main
     000000BC  _ADC0CF                            main
     000000BC  _ADC2CF                            main
     000000BC  _PS0                               main
     000000BD  G$AMX0PRT$0$0                      main
     000000BD  G$PT2$0$0                          main
     000000BD  _AMX0PRT                           main
     000000BD  _PT2                               main
     000000BE  G$ADC0L$0$0                        main
     000000BE  G$ADC2$0$0                         main
     000000BE  _ADC0L                             main
     000000BE  _ADC2                              main
     000000BF  G$ADC0H$0$0                        main
     000000BF  _ADC0H                             main
     000000C0  G$CAN0STA$0$0                      main
     000000C0  G$LEC0$0$0                         main
     000000C0  G$SMB0CN$0$0                       main
     000000C0  G$SMBTOE$0$0                       main
     000000C0  _CAN0STA                           main
     000000C0  _LEC0                              main
     000000C0  _SMB0CN                            main
     000000C0  _SMBTOE                            main
     000000C1  G$LEC1$0$0                         main
     000000C1  G$SMB0STA$0$0                      main
     000000C1  G$SMBFTE$0$0                       main
     000000C1  _LEC1                              main
     000000C1  _SMB0STA                           main
     000000C1  _SMBFTE                            main
     000000C2  G$AA$0$0                           main
     000000C2  G$LEC2$0$0                         main
     000000C2  G$SMB0DAT$0$0                      main
     000000C2  _AA                                main
     000000C2  _LEC2                              main
     000000C2  _SMB0DAT                           main
     000000C3  G$SI$0$0                           main
     000000C3  G$SMB0ADR$0$0                      main
     000000C3  G$TXOK$0$0                         main
     000000C3  _SI                                main
     000000C3  _SMB0ADR                           main
     000000C3  _TXOK                              main
     000000C4  G$ADC0GTL$0$0                      main
     000000C4  G$ADC2GT$0$0                       main
     000000C4  G$RXOK$0$0                         main
     000000C4  G$STO$0$0                          main
     000000C4  _ADC0GTL                           main
ASxxxx Linker V03.00 + NoICE + sdld,  page 10.
Hexadecimal  [32-Bits]

Area                                    Addr        Size        Decimal Bytes (Attributes)
--------------------------------        ----        ----        ------- ----- ------------
.  .ABS.                            00000000    00000000 =           0. bytes (ABS,CON)

      Value  Global                              Global Defined In Module
      -----  --------------------------------   ------------------------
     000000C4  _ADC2GT                            main
     000000C4  _RXOK                              main
     000000C4  _STO                               main
     000000C5  G$ADC0GTH$0$0                      main
     000000C5  G$EPASS$0$0                        main
     000000C5  G$STA$0$0                          main
     000000C5  _ADC0GTH                           main
     000000C5  _EPASS                             main
     000000C5  _STA                               main
     000000C6  G$ADC0LTL$0$0                      main
     000000C6  G$ADC2LT$0$0                       main
     000000C6  G$ENSMB$0$0                        main
     000000C6  G$EWARN$0$0                        main
     000000C6  _ADC0LTL                           main
     000000C6  _ADC2LT                            main
     000000C6  _ENSMB                             main
     000000C6  _EWARN                             main
     000000C7  G$ADC0LTH$0$0                      main
     000000C7  G$BOFF$0$0                         main
     000000C7  G$BUSY$0$0                         main
     000000C7  _ADC0LTH                           main
     000000C7  _BOFF                              main
     000000C7  _BUSY                              main
     000000C8  G$CPRL2$0$0                        main
     000000C8  G$CPRL3$0$0                        main
     000000C8  G$CPRL4$0$0                        main
     000000C8  G$P4$0$0                           main
     000000C8  G$P4_0$0$0                         main
     000000C8  G$TMR2CN$0$0                       main
     000000C8  G$TMR3CN$0$0                       main
     000000C8  G$TMR4CN$0$0                       main
     000000C8  _CPRL2                             main
     000000C8  _CPRL3                             main
     000000C8  _CPRL4                             main
     000000C8  _P4                                main
     000000C8  _P4_0                              main
     000000C8  _TMR2CN                            main
     000000C8  _TMR3CN                            main
     000000C8  _TMR4CN                            main
     000000C9  G$CT2$0$0                          main
     000000C9  G$CT3$0$0                          main
     000000C9  G$CT4$0$0                          main
     000000C9  G$P4_1$0$0                         main
     000000C9  G$TMR2CF$0$0                       main
     000000C9  G$TMR3CF$0$0                       main
     000000C9  G$TMR4CF$0$0                       main
     000000C9  _CT2                               main
     000000C9  _CT3                               main
     000000C9  _CT4                               main
     000000C9  _P4_1                              main
     000000C9  _TMR2CF                            main
ASxxxx Linker V03.00 + NoICE + sdld,  page 11.
Hexadecimal  [32-Bits]

Area                                    Addr        Size        Decimal Bytes (Attributes)
--------------------------------        ----        ----        ------- ----- ------------
.  .ABS.                            00000000    00000000 =           0. bytes (ABS,CON)

      Value  Global                              Global Defined In Module
      -----  --------------------------------   ------------------------
     000000C9  _TMR3CF                            main
     000000C9  _TMR4CF                            main
     000000CA  G$P4_2$0$0                         main
     000000CA  G$RCAP2L$0$0                       main
     000000CA  G$RCAP3L$0$0                       main
     000000CA  G$RCAP4L$0$0                       main
     000000CA  G$TR2$0$0                          main
     000000CA  G$TR3$0$0                          main
     000000CA  G$TR4$0$0                          main
     000000CA  _P4_2                              main
     000000CA  _RCAP2L                            main
     000000CA  _RCAP3L                            main
     000000CA  _RCAP4L                            main
     000000CA  _TR2                               main
     000000CA  _TR3                               main
     000000CA  _TR4                               main
     000000CB  G$EXEN2$0$0                        main
     000000CB  G$EXEN3$0$0                        main
     000000CB  G$EXEN4$0$0                        main
     000000CB  G$P4_3$0$0                         main
     000000CB  G$RCAP2H$0$0                       main
     000000CB  G$RCAP3H$0$0                       main
     000000CB  G$RCAP4H$0$0                       main
     000000CB  _EXEN2                             main
     000000CB  _EXEN3                             main
     000000CB  _EXEN4                             main
     000000CB  _P4_3                              main
     000000CB  _RCAP2H                            main
     000000CB  _RCAP3H                            main
     000000CB  _RCAP4H                            main
     000000CC  G$P4_4$0$0                         main
     000000CC  G$TMR2L$0$0                        main
     000000CC  G$TMR3L$0$0                        main
     000000CC  G$TMR4L$0$0                        main
     000000CC  _P4_4                              main
     000000CC  _TMR2L                             main
     000000CC  _TMR3L                             main
     000000CC  _TMR4L                             main
     000000CD  G$P4_5$0$0                         main
     000000CD  G$TMR2H$0$0                        main
     000000CD  G$TMR3H$0$0                        main
     000000CD  G$TMR4H$0$0                        main
     000000CD  _P4_5                              main
     000000CD  _TMR2H                             main
     000000CD  _TMR3H                             main
     000000CD  _TMR4H                             main
     000000CE  G$EXF2$0$0                         main
     000000CE  G$EXF3$0$0                         main
     000000CE  G$EXF4$0$0                         main
     000000CE  G$P4_6$0$0                         main
     000000CE  _EXF2                              main
ASxxxx Linker V03.00 + NoICE + sdld,  page 12.
Hexadecimal  [32-Bits]

Area                                    Addr        Size        Decimal Bytes (Attributes)
--------------------------------        ----        ----        ------- ----- ------------
.  .ABS.                            00000000    00000000 =           0. bytes (ABS,CON)

      Value  Global                              Global Defined In Module
      -----  --------------------------------   ------------------------
     000000CE  _EXF3                              main
     000000CE  _EXF4                              main
     000000CE  _P4_6                              main
     000000CF  G$P4_7$0$0                         main
     000000CF  G$SMB0CR$0$0                       main
     000000CF  G$TF2$0$0                          main
     000000CF  G$TF3$0$0                          main
     000000CF  G$TF4$0$0                          main
     000000CF  _P4_7                              main
     000000CF  _SMB0CR                            main
     000000CF  _TF2                               main
     000000CF  _TF3                               main
     000000CF  _TF4                               main
     000000D0  G$P$0$0                            main
     000000D0  G$PSW$0$0                          main
     000000D0  _P                                 main
     000000D0  _PSW                               main
     000000D1  G$F1$0$0                           main
     000000D1  G$REF0CN$0$0                       main
     000000D1  _F1                                main
     000000D1  _REF0CN                            main
     000000D2  G$DAC0L$0$0                        main
     000000D2  G$DAC1L$0$0                        main
     000000D2  G$OV$0$0                           main
     000000D2  _DAC0L                             main
     000000D2  _DAC1L                             main
     000000D2  _OV                                main
     000000D3  G$DAC0H$0$0                        main
     000000D3  G$DAC1H$0$0                        main
     000000D3  G$RS0$0$0                          main
     000000D3  _DAC0H                             main
     000000D3  _DAC1H                             main
     000000D3  _RS0                               main
     000000D4  G$DAC0CN$0$0                       main
     000000D4  G$DAC1CN$0$0                       main
     000000D4  G$RS1$0$0                          main
     000000D4  _DAC0CN                            main
     000000D4  _DAC1CN                            main
     000000D4  _RS1                               main
     000000D5  G$F0$0$0                           main
     000000D5  _F0                                main
     000000D6  G$AC$0$0                           main
     000000D6  G$HVA0CN$0$0                       main
     000000D6  _AC                                main
     000000D6  _HVA0CN                            main
     000000D7  G$CY$0$0                           main
     000000D7  _CY                                main
     000000D8  G$CAN0DATL$0$0                     main
     000000D8  G$CCF0$0$0                         main
     000000D8  G$P5$0$0                           main
     000000D8  G$P5_0$0$0                         main
ASxxxx Linker V03.00 + NoICE + sdld,  page 13.
Hexadecimal  [32-Bits]

Area                                    Addr        Size        Decimal Bytes (Attributes)
--------------------------------        ----        ----        ------- ----- ------------
.  .ABS.                            00000000    00000000 =           0. bytes (ABS,CON)

      Value  Global                              Global Defined In Module
      -----  --------------------------------   ------------------------
     000000D8  G$PCA0CN$0$0                       main
     000000D8  _CAN0DATL                          main
     000000D8  _CCF0                              main
     000000D8  _P5                                main
     000000D8  _P5_0                              main
     000000D8  _PCA0CN                            main
     000000D9  G$CAN0DATH$0$0                     main
     000000D9  G$CCF1$0$0                         main
     000000D9  G$P5_1$0$0                         main
     000000D9  G$PCA0MD$0$0                       main
     000000D9  _CAN0DATH                          main
     000000D9  _CCF1                              main
     000000D9  _P5_1                              main
     000000D9  _PCA0MD                            main
     000000DA  G$CAN0ADR$0$0                      main
     000000DA  G$CCF2$0$0                         main
     000000DA  G$P5_2$0$0                         main
     000000DA  G$PCA0CPM0$0$0                     main
     000000DA  _CAN0ADR                           main
     000000DA  _CCF2                              main
     000000DA  _P5_2                              main
     000000DA  _PCA0CPM0                          main
     000000DB  G$CAN0TST$0$0                      main
     000000DB  G$CCF3$0$0                         main
     000000DB  G$P5_3$0$0                         main
     000000DB  G$PCA0CPM1$0$0                     main
     000000DB  _CAN0TST                           main
     000000DB  _CCF3                              main
     000000DB  _P5_3                              main
     000000DB  _PCA0CPM1                          main
     000000DC  G$CCF4$0$0                         main
     000000DC  G$P5_4$0$0                         main
     000000DC  G$PCA0CPM2$0$0                     main
     000000DC  _CCF4                              main
     000000DC  _P5_4                              main
     000000DC  _PCA0CPM2                          main
     000000DD  G$CCF5$0$0                         main
     000000DD  G$P5_5$0$0                         main
     000000DD  G$PCA0CPM3$0$0                     main
     000000DD  _CCF5                              main
     000000DD  _P5_5                              main
     000000DD  _PCA0CPM3                          main
     000000DE  G$CR$0$0                           main
     000000DE  G$P5_6$0$0                         main
     000000DE  G$PCA0CPM4$0$0                     main
     000000DE  _CR                                main
     000000DE  _P5_6                              main
     000000DE  _PCA0CPM4                          main
     000000DF  G$CF$0$0                           main
     000000DF  G$P5_7$0$0                         main
     000000DF  G$PCA0CPM5$0$0                     main
ASxxxx Linker V03.00 + NoICE + sdld,  page 14.
Hexadecimal  [32-Bits]

Area                                    Addr        Size        Decimal Bytes (Attributes)
--------------------------------        ----        ----        ------- ----- ------------
.  .ABS.                            00000000    00000000 =           0. bytes (ABS,CON)

      Value  Global                              Global Defined In Module
      -----  --------------------------------   ------------------------
     000000DF  _CF                                main
     000000DF  _P5_7                              main
     000000DF  _PCA0CPM5                          main
     000000E0  G$ACC$0$0                          main
     000000E0  _ACC                               main
     000000E1  G$PCA0CPL5$0$0                     main
     000000E1  G$XBR0$0$0                         main
     000000E1  _PCA0CPL5                          main
     000000E1  _XBR0                              main
     000000E2  G$PCA0CPH5$0$0                     main
     000000E2  G$XBR1$0$0                         main
     000000E2  _PCA0CPH5                          main
     000000E2  _XBR1                              main
     000000E3  G$XBR2$0$0                         main
     000000E3  _XBR2                              main
     000000E4  G$XBR3$0$0                         main
     000000E4  _XBR3                              main
     000000E6  G$EIE1$0$0                         main
     000000E6  _EIE1                              main
     000000E7  G$EIE2$0$0                         main
     000000E7  _EIE2                              main
     000000E8  G$AD0LJST$0$0                      main
     000000E8  G$AD2WINT$0$0                      main
     000000E8  G$ADC0CN$0$0                       main
     000000E8  G$ADC2CN$0$0                       main
     000000E8  G$P6$0$0                           main
     000000E8  G$P6_0$0$0                         main
     000000E8  _AD0LJST                           main
     000000E8  _AD2WINT                           main
     000000E8  _ADC0CN                            main
     000000E8  _ADC2CN                            main
     000000E8  _P6                                main
     000000E8  _P6_0                              main
     000000E9  G$AD0WINT$0$0                      main
     000000E9  G$AD2CM0$0$0                       main
     000000E9  G$P6_1$0$0                         main
     000000E9  G$PCA0CPL2$0$0                     main
     000000E9  _AD0WINT                           main
     000000E9  _AD2CM0                            main
     000000E9  _P6_1                              main
     000000E9  _PCA0CPL2                          main
     000000EA  G$AD0CM0$0$0                       main
     000000EA  G$AD2CM1$0$0                       main
     000000EA  G$P6_2$0$0                         main
     000000EA  G$PCA0CPH2$0$0                     main
     000000EA  _AD0CM0                            main
     000000EA  _AD2CM1                            main
     000000EA  _P6_2                              main
     000000EA  _PCA0CPH2                          main
     000000EB  G$AD0CM1$0$0                       main
     000000EB  G$AD2CM2$0$0                       main
ASxxxx Linker V03.00 + NoICE + sdld,  page 15.
Hexadecimal  [32-Bits]

Area                                    Addr        Size        Decimal Bytes (Attributes)
--------------------------------        ----        ----        ------- ----- ------------
.  .ABS.                            00000000    00000000 =           0. bytes (ABS,CON)

      Value  Global                              Global Defined In Module
      -----  --------------------------------   ------------------------
     000000EB  G$P6_3$0$0                         main
     000000EB  G$PCA0CPL3$0$0                     main
     000000EB  _AD0CM1                            main
     000000EB  _AD2CM2                            main
     000000EB  _P6_3                              main
     000000EB  _PCA0CPL3                          main
     000000EC  G$AD0BUSY$0$0                      main
     000000EC  G$AD2BUSY$0$0                      main
     000000EC  G$P6_4$0$0                         main
     000000EC  G$PCA0CPH3$0$0                     main
     000000EC  _AD0BUSY                           main
     000000EC  _AD2BUSY                           main
     000000EC  _P6_4                              main
     000000EC  _PCA0CPH3                          main
     000000ED  G$AD0INT$0$0                       main
     000000ED  G$AD2INT$0$0                       main
     000000ED  G$P6_5$0$0                         main
     000000ED  G$PCA0CPL4$0$0                     main
     000000ED  _AD0INT                            main
     000000ED  _AD2INT                            main
     000000ED  _P6_5                              main
     000000ED  _PCA0CPL4                          main
     000000EE  G$AD0TM$0$0                        main
     000000EE  G$AD2TM$0$0                        main
     000000EE  G$P6_6$0$0                         main
     000000EE  G$PCA0CPH4$0$0                     main
     000000EE  _AD0TM                             main
     000000EE  _AD2TM                             main
     000000EE  _P6_6                              main
     000000EE  _PCA0CPH4                          main
     000000EF  G$AD0EN$0$0                        main
     000000EF  G$AD2EN$0$0                        main
     000000EF  G$P6_7$0$0                         main
     000000EF  G$RSTSRC$0$0                       main
     000000EF  _AD0EN                             main
     000000EF  _AD2EN                             main
     000000EF  _P6_7                              main
     000000EF  _RSTSRC                            main
     000000F0  G$B$0$0                            main
     000000F0  _B                                 main
     000000F5  _B_5                               _gptrget
     000000F6  G$EIP1$0$0                         main
     000000F6  _B_6                               _gptrget
     000000F6  _EIP1                              main
     000000F7  G$EIP2$0$0                         main
     000000F7  _B_7                               _gptrget
     000000F7  _EIP2                              main
     000000F8  G$CAN0CN$0$0                       main
     000000F8  G$CANINIT$0$0                      main
     000000F8  G$P7$0$0                           main
     000000F8  G$P7_0$0$0                         main
ASxxxx Linker V03.00 + NoICE + sdld,  page 16.
Hexadecimal  [32-Bits]

Area                                    Addr        Size        Decimal Bytes (Attributes)
--------------------------------        ----        ----        ------- ----- ------------
.  .ABS.                            00000000    00000000 =           0. bytes (ABS,CON)

      Value  Global                              Global Defined In Module
      -----  --------------------------------   ------------------------
     000000F8  G$SPI0CN$0$0                       main
     000000F8  G$SPIEN$0$0                        main
     000000F8  _CAN0CN                            main
     000000F8  _CANINIT                           main
     000000F8  _P7                                main
     000000F8  _P7_0                              main
     000000F8  _SPI0CN                            main
     000000F8  _SPIEN                             main
     000000F9  G$CANIE$0$0                        main
     000000F9  G$P7_1$0$0                         main
     000000F9  G$PCA0L$0$0                        main
     000000F9  G$TXBMT$0$0                        main
     000000F9  _CANIE                             main
     000000F9  _P7_1                              main
     000000F9  _PCA0L                             main
     000000F9  _TXBMT                             main
     000000FA  G$CANSIE$0$0                       main
     000000FA  G$NSSMD0$0$0                       main
     000000FA  G$P7_2$0$0                         main
     000000FA  G$PCA0H$0$0                        main
     000000FA  _CANSIE                            main
     000000FA  _NSSMD0                            main
     000000FA  _P7_2                              main
     000000FA  _PCA0H                             main
     000000FB  G$CANEIE$0$0                       main
     000000FB  G$NSSMD1$0$0                       main
     000000FB  G$P7_3$0$0                         main
     000000FB  G$PCA0CPL0$0$0                     main
     000000FB  _CANEIE                            main
     000000FB  _NSSMD1                            main
     000000FB  _P7_3                              main
     000000FB  _PCA0CPL0                          main
     000000FC  G$CANIF$0$0                        main
     000000FC  G$P7_4$0$0                         main
     000000FC  G$PCA0CPH0$0$0                     main
     000000FC  G$RXOVRN$0$0                       main
     000000FC  _CANIF                             main
     000000FC  _P7_4                              main
     000000FC  _PCA0CPH0                          main
     000000FC  _RXOVRN                            main
     000000FD  G$CANDAR$0$0                       main
     000000FD  G$MODF$0$0                         main
     000000FD  G$P7_5$0$0                         main
     000000FD  G$PCA0CPL1$0$0                     main
     000000FD  _CANDAR                            main
     000000FD  _MODF                              main
     000000FD  _P7_5                              main
     000000FD  _PCA0CPL1                          main
     000000FE  G$CANCCE$0$0                       main
     000000FE  G$P7_6$0$0                         main
     000000FE  G$PCA0CPH1$0$0                     main
ASxxxx Linker V03.00 + NoICE + sdld,  page 17.
Hexadecimal  [32-Bits]

Area                                    Addr        Size        Decimal Bytes (Attributes)
--------------------------------        ----        ----        ------- ----- ------------
.  .ABS.                            00000000    00000000 =           0. bytes (ABS,CON)

      Value  Global                              Global Defined In Module
      -----  --------------------------------   ------------------------
     000000FE  G$WCOL$0$0                         main
     000000FE  _CANCCE                            main
     000000FE  _P7_6                              main
     000000FE  _PCA0CPH1                          main
     000000FE  _WCOL                              main
     000000FF  G$CANTEST$0$0                      main
     000000FF  G$P7_7$0$0                         main
     000000FF  G$SPIF$0$0                         main
     000000FF  G$WDTCN$0$0                        main
     000000FF  _CANTEST                           main
     000000FF  _P7_7                              main
     000000FF  _SPIF                              main
     000000FF  _WDTCN                             main
     00008382  G$DP$0$0                           main
     00008382  _DP                                main
     0000BFBE  G$ADC0$0$0                         main
     0000BFBE  _ADC0                              main
     0000C5C4  G$ADC0GT$0$0                       main
     0000C5C4  _ADC0GT                            main
     0000C7C6  G$ADC0LT$0$0                       main
     0000C7C6  _ADC0LT                            main
     0000CBCA  G$RCAP2$0$0                        main
     0000CBCA  G$RCAP3$0$0                        main
     0000CBCA  G$RCAP4$0$0                        main
     0000CBCA  _RCAP2                             main
     0000CBCA  _RCAP3                             main
     0000CBCA  _RCAP4                             main
     0000CDCC  G$TMR2$0$0                         main
     0000CDCC  G$TMR3$0$0                         main
     0000CDCC  G$TMR4$0$0                         main
     0000CDCC  _TMR2                              main
     0000CDCC  _TMR3                              main
     0000CDCC  _TMR4                              main
     0000D3D2  G$DAC0$0$0                         main
     0000D3D2  G$DAC1$0$0                         main
     0000D3D2  _DAC0                              main
     0000D3D2  _DAC1                              main
     0000D9D8  G$CAN0DAT$0$0                      main
     0000D9D8  _CAN0DAT                           main
     0000E2E1  G$PCA0CP5$0$0                      main
     0000E2E1  _PCA0CP5                           main
     0000EAE9  G$PCA0CP2$0$0                      main
     0000EAE9  _PCA0CP2                           main
     0000ECEB  G$PCA0CP3$0$0                      main
     0000ECEB  _PCA0CP3                           main
     0000EEED  G$PCA0CP4$0$0                      main
     0000EEED  _PCA0CP4                           main
     0000FAF9  G$PCA0$0$0                         main
     0000FAF9  _PCA0                              main
     0000FCFB  G$PCA0CP0$0$0                      main
     0000FCFB  _PCA0CP0                           main
ASxxxx Linker V03.00 + NoICE + sdld,  page 18.
Hexadecimal  [32-Bits]

Area                                    Addr        Size        Decimal Bytes (Attributes)
--------------------------------        ----        ----        ------- ----- ------------
.  .ABS.                            00000000    00000000 =           0. bytes (ABS,CON)

      Value  Global                              Global Defined In Module
      -----  --------------------------------   ------------------------
     0000FEFD  G$PCA0CP1$0$0                      main
     0000FEFD  _PCA0CP1                           main

ASxxxx Linker V03.00 + NoICE + sdld,  page 19.
Hexadecimal  [32-Bits]

Area                                    Addr        Size        Decimal Bytes (Attributes)
--------------------------------        ----        ----        ------- ----- ------------
BSEG_BYTES                          00000020    00000001 =           1. bytes (REL,CON)

      Value  Global                              Global Defined In Module
      -----  --------------------------------   ------------------------
ASxxxx Linker V03.00 + NoICE + sdld,  page 20.
Hexadecimal  [32-Bits]

Area                                    Addr        Size        Decimal Bytes (Attributes)
--------------------------------        ----        ----        ------- ----- ------------
REG_BANK_0                          00000000    00000008 =           8. bytes (REL,OVR)

      Value  Global                              Global Defined In Module
      -----  --------------------------------   ------------------------
ASxxxx Linker V03.00 + NoICE + sdld,  page 21.
Hexadecimal  [32-Bits]

Area                                    Addr        Size        Decimal Bytes (Attributes)
--------------------------------        ----        ----        ------- ----- ------------
DSEG                                00000000    0000007D =         125. bytes (REL,CON)

      Value  Global                              Global Defined In Module
      -----  --------------------------------   ------------------------
     00000008  G$flag$0$0                         main
     00000008  _flag                              main
     00000009  G$leitura$0$0                      main
     00000009  _leitura                           main
     0000000A  G$autom$0$0                        main
     0000000A  _autom                             main
     0000000B  G$manual$0$0                       main
     0000000B  _manual                            main
     0000000C  G$estado_varal$0$0                 main
     0000000C  _estado_varal                      main
     0000000D  G$HOR$0$0                          main
     0000000D  _HOR                               main
     00000011  G$AHO$0$0                          main
     00000011  _AHO                               main
     0000001B  _bp                                _bp
ASxxxx Linker V03.00 + NoICE + sdld,  page 22.
Hexadecimal  [32-Bits]

Area                                    Addr        Size        Decimal Bytes (Attributes)
--------------------------------        ----        ----        ------- ----- ------------
OSEG                                0000001C    00000001 =           1. bytes (REL,OVR)

      Value  Global                              Global Defined In Module
      -----  --------------------------------   ------------------------
     0000001C  Lmain.esc_RAM_SPI$dado$1$29        main
     0000001C  Lmain.le_adc0$ganho$1$35           main
     0000001C  _esc_RAM_SPI_PARM_2                main
     0000001C  _le_adc0_PARM_2                    main

ASxxxx Linker V03.00 + NoICE + sdld,  page 23.
Hexadecimal  [32-Bits]

Area                                    Addr        Size        Decimal Bytes (Attributes)
--------------------------------        ----        ----        ------- ----- ------------
SSEG                                00000021    000000DF =         223. bytes (REL,OVR)

      Value  Global                              Global Defined In Module
      -----  --------------------------------   ------------------------
     00000021  __start__stack                     main

ASxxxx Linker V03.00 + NoICE + sdld,  page 24.
Hexadecimal  [32-Bits]

Area                                    Addr        Size        Decimal Bytes (Attributes)
--------------------------------        ----        ----        ------- ----- ------------
HOME                                00000000    00000029 =          41. bytes (REL,CON,CODE)

      Value  Global                              Global Defined In Module
      -----  --------------------------------   ------------------------
C:   00000000  A$main$1294                        main
C:   00000003  A$main$1295                        main
C:   0000000B  A$main$1297                        main
C:   00000013  A$main$1299                        main
C:   0000001B  A$main$1301                        main
C:   00000023  A$main$1303                        main
C:   00000026  A$main$1340                        main
C:   00000026  __sdcc_program_startup             main

ASxxxx Linker V03.00 + NoICE + sdld,  page 25.
Hexadecimal  [32-Bits]

Area                                    Addr        Size        Decimal Bytes (Attributes)
--------------------------------        ----        ----        ------- ----- ------------
GSINIT0                             00000029    00000003 =           3. bytes (REL,CON,CODE)

      Value  Global                              Global Defined In Module
      -----  --------------------------------   ------------------------
C:   00000029  __sdcc_gsinit_startup              

ASxxxx Linker V03.00 + NoICE + sdld,  page 26.
Hexadecimal  [32-Bits]

Area                                    Addr        Size        Decimal Bytes (Attributes)
--------------------------------        ----        ----        ------- ----- ------------
GSINIT2                             0000002C    0000000A =          10. bytes (REL,CON,CODE)

      Value  Global                              Global Defined In Module
      -----  --------------------------------   ------------------------
ASxxxx Linker V03.00 + NoICE + sdld,  page 27.
Hexadecimal  [32-Bits]

Area                                    Addr        Size        Decimal Bytes (Attributes)
--------------------------------        ----        ----        ------- ----- ------------
GSINIT3                             00000036    00000022 =          34. bytes (REL,CON,CODE)

      Value  Global                              Global Defined In Module
      -----  --------------------------------   ------------------------
C:   00000036  __mcs51_genXINIT                   

ASxxxx Linker V03.00 + NoICE + sdld,  page 28.
Hexadecimal  [32-Bits]

Area                                    Addr        Size        Decimal Bytes (Attributes)
--------------------------------        ----        ----        ------- ----- ------------
GSINIT4                             00000058    0000002A =          42. bytes (REL,CON,CODE)

      Value  Global                              Global Defined In Module
      -----  --------------------------------   ------------------------
C:   00000058  __mcs51_genRAMCLEAR                
C:   0000005E  __mcs51_genXRAMCLEAR               

ASxxxx Linker V03.00 + NoICE + sdld,  page 29.
Hexadecimal  [32-Bits]

Area                                    Addr        Size        Decimal Bytes (Attributes)
--------------------------------        ----        ----        ------- ----- ------------
GSINIT                              00000082    0000001B =          27. bytes (REL,CON,CODE)

      Value  Global                              Global Defined In Module
      -----  --------------------------------   ------------------------
C:   00000082  A$main$1319                        main
C:   00000082  C$bluetooth.c$5$1$75               main
C:   00000085  A$main$1322                        main
C:   00000085  C$main.c$20$1$75                   main
C:   00000088  A$main$1323                        main
C:   0000008B  A$main$1324                        main
C:   0000008E  A$main$1325                        main
C:   00000091  A$main$1328                        main
C:   00000091  C$main.c$21$1$75                   main
C:   00000094  A$main$1329                        main
C:   00000097  A$main$1330                        main
C:   0000009A  A$main$1331                        main
ASxxxx Linker V03.00 + NoICE + sdld,  page 30.
Hexadecimal  [32-Bits]

Area                                    Addr        Size        Decimal Bytes (Attributes)
--------------------------------        ----        ----        ------- ----- ------------
GSFINAL                             0000009D    00000003 =           3. bytes (REL,CON,CODE)

      Value  Global                              Global Defined In Module
      -----  --------------------------------   ------------------------
C:   0000009D  A$main$1333                        main

ASxxxx Linker V03.00 + NoICE + sdld,  page 31.
Hexadecimal  [32-Bits]

Area                                    Addr        Size        Decimal Bytes (Attributes)
--------------------------------        ----        ----        ------- ----- ------------
CSEG                                000000A0    00000998 =        2456. bytes (REL,CON,CODE)

      Value  Global                              Global Defined In Module
      -----  --------------------------------   ------------------------
C:   000000A0  A$main$1366                        main
C:   000000A0  C$config.c$10$0$0                  main
C:   000000A0  C$config.c$12$1$1                  main
C:   000000A0  G$Timer_Init$0$0                   main
C:   000000A0  _Timer_Init                        main
C:   000000A3  A$main$1369                        main
C:   000000A3  C$config.c$13$1$1                  main
C:   000000A6  A$main$1372                        main
C:   000000A6  C$config.c$14$1$1                  main
C:   000000A9  A$main$1375                        main
C:   000000A9  C$config.c$15$1$1                  main
C:   000000AC  A$main$1378                        main
C:   000000AC  C$config.c$16$1$1                  main
C:   000000AF  A$main$1381                        main
C:   000000AF  C$config.c$17$1$1                  main
C:   000000B2  A$main$1384                        main
C:   000000B2  C$config.c$18$1$1                  main
C:   000000B5  A$main$1387                        main
C:   000000B5  C$config.c$19$1$1                  main
C:   000000B8  A$main$1390                        main
C:   000000B8  C$config.c$20$1$1                  main
C:   000000BB  A$main$1393                        main
C:   000000BB  C$config.c$21$1$1                  main
C:   000000BE  A$main$1396                        main
C:   000000BE  C$config.c$22$1$1                  main
C:   000000C1  A$main$1399                        main
C:   000000C1  C$config.c$23$1$1                  main
C:   000000C4  A$main$1402                        main
C:   000000C4  C$config.c$24$1$1                  main
C:   000000C7  A$main$1405                        main
C:   000000C7  C$config.c$25$1$1                  main
C:   000000CA  A$main$1408                        main
C:   000000CA  C$config.c$26$1$1                  main
C:   000000CD  A$main$1411                        main
C:   000000CD  C$config.c$27$1$1                  main
C:   000000CD  XG$Timer_Init$0$0                  main
C:   000000CE  A$main$1424                        main
C:   000000CE  C$config.c$29$1$1                  main
C:   000000CE  C$config.c$31$1$2                  main
C:   000000CE  G$UART_Init$0$0                    main
C:   000000CE  _UART_Init                         main
C:   000000D1  A$main$1427                        main
C:   000000D1  C$config.c$32$1$2                  main
C:   000000D4  A$main$1430                        main
C:   000000D4  C$config.c$33$1$2                  main
C:   000000D4  XG$UART_Init$0$0                   main
C:   000000D5  A$main$1443                        main
C:   000000D5  C$config.c$35$1$2                  main
C:   000000D5  C$config.c$37$1$3                  main
C:   000000D5  G$SMBus_Init$0$0                   main
ASxxxx Linker V03.00 + NoICE + sdld,  page 32.
Hexadecimal  [32-Bits]

Area                                    Addr        Size        Decimal Bytes (Attributes)
--------------------------------        ----        ----        ------- ----- ------------
CSEG                                000000A0    00000998 =        2456. bytes (REL,CON,CODE)

      Value  Global                              Global Defined In Module
      -----  --------------------------------   ------------------------
C:   000000D5  _SMBus_Init                        main
C:   000000D8  A$main$1446                        main
C:   000000D8  C$config.c$38$1$3                  main
C:   000000DB  A$main$1449                        main
C:   000000DB  C$config.c$39$1$3                  main
C:   000000DE  A$main$1452                        main
C:   000000DE  C$config.c$40$1$3                  main
C:   000000DE  XG$SMBus_Init$0$0                  main
C:   000000DF  A$main$1465                        main
C:   000000DF  C$config.c$42$1$3                  main
C:   000000DF  C$config.c$44$1$4                  main
C:   000000DF  G$SPI_Init$0$0                     main
C:   000000DF  _SPI_Init                          main
C:   000000E2  A$main$1468                        main
C:   000000E2  C$config.c$45$1$4                  main
C:   000000E5  A$main$1471                        main
C:   000000E5  C$config.c$46$1$4                  main
C:   000000E8  A$main$1474                        main
C:   000000E8  C$config.c$47$1$4                  main
C:   000000EB  A$main$1477                        main
C:   000000EB  C$config.c$48$1$4                  main
C:   000000EB  XG$SPI_Init$0$0                    main
C:   000000EC  A$main$1490                        main
C:   000000EC  C$config.c$50$1$4                  main
C:   000000EC  C$config.c$52$1$5                  main
C:   000000EC  G$ADC_Init$0$0                     main
C:   000000EC  _ADC_Init                          main
C:   000000EF  A$main$1493                        main
C:   000000EF  C$config.c$53$1$5                  main
C:   000000F2  A$main$1496                        main
C:   000000F2  C$config.c$54$1$5                  main
C:   000000F2  XG$ADC_Init$0$0                    main
C:   000000F3  A$main$1509                        main
C:   000000F3  C$config.c$56$1$5                  main
C:   000000F3  C$config.c$58$1$6                  main
C:   000000F3  G$DAC_Init$0$0                     main
C:   000000F3  _DAC_Init                          main
C:   000000F6  A$main$1512                        main
C:   000000F6  C$config.c$59$1$6                  main
C:   000000F9  A$main$1515                        main
C:   000000F9  C$config.c$60$1$6                  main
C:   000000F9  XG$DAC_Init$0$0                    main
C:   000000FA  A$main$1528                        main
C:   000000FA  C$config.c$62$1$6                  main
C:   000000FA  C$config.c$64$1$7                  main
C:   000000FA  G$Voltage_Reference_Init$0$0       main
C:   000000FA  _Voltage_Reference_Init            main
C:   000000FD  A$main$1531                        main
C:   000000FD  C$config.c$65$1$7                  main
C:   00000100  A$main$1534                        main
C:   00000100  C$config.c$66$1$7                  main
ASxxxx Linker V03.00 + NoICE + sdld,  page 33.
Hexadecimal  [32-Bits]

Area                                    Addr        Size        Decimal Bytes (Attributes)
--------------------------------        ----        ----        ------- ----- ------------
CSEG                                000000A0    00000998 =        2456. bytes (REL,CON,CODE)

      Value  Global                              Global Defined In Module
      -----  --------------------------------   ------------------------
C:   00000100  XG$Voltage_Reference_Init$0$0      main
C:   00000101  A$main$1547                        main
C:   00000101  C$config.c$106$1$8                 main
C:   00000101  C$config.c$68$1$7                  main
C:   00000101  G$Port_IO_Init$0$0                 main
C:   00000101  _Port_IO_Init                      main
C:   00000104  A$main$1550                        main
C:   00000104  C$config.c$107$1$8                 main
C:   00000107  A$main$1553                        main
C:   00000107  C$config.c$108$1$8                 main
C:   0000010A  A$main$1556                        main
C:   0000010A  C$config.c$109$1$8                 main
C:   0000010D  A$main$1559                        main
C:   0000010D  C$config.c$110$1$8                 main
C:   00000110  A$main$1562                        main
C:   00000110  C$config.c$111$1$8                 main
C:   00000113  A$main$1565                        main
C:   00000113  C$config.c$112$1$8                 main
C:   00000116  A$main$1568                        main
C:   00000116  C$config.c$113$1$8                 main
C:   00000116  XG$Port_IO_Init$0$0                main
C:   00000117  A$main$1583                        main
C:   00000117  C$config.c$115$1$8                 main
C:   00000117  C$config.c$118$1$9                 main
C:   00000117  G$Oscillator_Init$0$0              main
C:   00000117  _Oscillator_Init                   main
C:   0000011A  A$main$1586                        main
C:   0000011A  C$config.c$119$1$9                 main
C:   0000011D  A$main$1589                        main
C:   0000011D  C$config.c$120$1$9                 main
C:   0000011F  A$main$1590                        main
C:   00000121  A$main$1592                        main
C:   00000122  A$main$1593                        main
C:   00000124  A$main$1594                        main
C:   00000125  A$main$1595                        main
C:   00000126  A$main$1596                        main
C:   00000128  A$main$1597                        main
C:   00000129  A$main$1598                        main
C:   0000012B  A$main$1599                        main
C:   0000012D  A$main$1600                        main
C:   0000012E  A$main$1601                        main
C:   0000012F  A$main$1602                        main
C:   00000131  A$main$1606                        main
C:   00000131  C$config.c$121$1$9                 main
C:   00000133  A$main$1607                        main
C:   00000136  A$main$1610                        main
C:   00000136  C$config.c$122$1$9                 main
C:   00000139  A$main$1613                        main
C:   00000139  C$config.c$123$1$9                 main
C:   00000139  XG$Oscillator_Init$0$0             main
C:   0000013A  A$main$1626                        main
ASxxxx Linker V03.00 + NoICE + sdld,  page 34.
Hexadecimal  [32-Bits]

Area                                    Addr        Size        Decimal Bytes (Attributes)
--------------------------------        ----        ----        ------- ----- ------------
CSEG                                000000A0    00000998 =        2456. bytes (REL,CON,CODE)

      Value  Global                              Global Defined In Module
      -----  --------------------------------   ------------------------
C:   0000013A  C$config.c$125$1$9                 main
C:   0000013A  C$config.c$127$1$10                main
C:   0000013A  G$Interrupts_Init$0$0              main
C:   0000013A  _Interrupts_Init                   main
C:   0000013D  A$main$1629                        main
C:   0000013D  C$config.c$128$1$10                main
C:   0000013D  XG$Interrupts_Init$0$0             main
C:   0000013E  A$main$1642                        main
C:   0000013E  C$config.c$132$1$10                main
C:   0000013E  C$config.c$134$1$12                main
C:   0000013E  G$Init_Device$0$0                  main
C:   0000013E  _Init_Device                       main
C:   00000141  A$main$1645                        main
C:   00000141  C$config.c$135$1$12                main
C:   00000144  A$main$1648                        main
C:   00000144  C$config.c$136$1$12                main
C:   00000147  A$main$1651                        main
C:   00000147  C$config.c$137$1$12                main
C:   0000014A  A$main$1654                        main
C:   0000014A  C$config.c$138$1$12                main
C:   0000014D  A$main$1657                        main
C:   0000014D  C$config.c$139$1$12                main
C:   00000150  A$main$1660                        main
C:   00000150  C$config.c$140$1$12                main
C:   00000153  A$main$1663                        main
C:   00000153  C$config.c$141$1$12                main
C:   00000156  A$main$1666                        main
C:   00000156  C$config.c$142$1$12                main
C:   00000159  A$main$1669                        main
C:   00000159  C$config.c$143$1$12                main
C:   0000015C  A$main$1672                        main
C:   0000015C  C$config.c$144$1$12                main
C:   0000015C  XG$Init_Device$0$0                 main
C:   0000015D  A$main$1685                        main
C:   0000015D  C$utils.c$6$1$12                   main
C:   0000015D  G$delay_ms$0$0                     main
C:   0000015D  _delay_ms                          main
C:   0000015F  A$main$1686                        main
C:   00000161  A$main$1689                        main
C:   00000161  C$utils.c$7$1$14                   main
C:   00000164  A$main$1692                        main
C:   00000164  C$utils.c$8$1$14                   main
C:   00000167  A$main$1696                        main
C:   00000168  A$main$1697                        main
C:   00000169  A$main$1698                        main
C:   0000016B  A$main$1701                        main
C:   0000016B  C$utils.c$10$2$15                  main
C:   0000016E  A$main$1704                        main
C:   0000016E  C$utils.c$11$2$15                  main
C:   00000170  A$main$1707                        main
C:   00000170  C$utils.c$12$2$15                  main
ASxxxx Linker V03.00 + NoICE + sdld,  page 35.
Hexadecimal  [32-Bits]

Area                                    Addr        Size        Decimal Bytes (Attributes)
--------------------------------        ----        ----        ------- ----- ------------
CSEG                                000000A0    00000998 =        2456. bytes (REL,CON,CODE)

      Value  Global                              Global Defined In Module
      -----  --------------------------------   ------------------------
C:   00000172  A$main$1710                        main
C:   00000172  C$utils.c$13$2$15                  main
C:   00000175  A$main$1713                        main
C:   00000175  C$utils.c$14$2$15                  main
C:   00000178  A$main$1716                        main
C:   00000178  C$utils.c$15$2$15                  main
C:   0000017A  A$main$1720                        main
C:   0000017A  C$utils.c$16$2$15                  main
C:   0000017D  A$main$1723                        main
C:   0000017D  C$utils.c$9$1$14                   main
C:   0000017E  A$main$1724                        main
C:   00000181  A$main$1725                        main
C:   00000182  A$main$1727                        main
C:   00000184  A$main$1731                        main
C:   00000184  C$utils.c$18$1$14                  main
C:   00000184  XG$delay_ms$0$0                    main
C:   00000185  A$main$1747                        main
C:   00000185  C$RAM_SPI.c$7$1$14                 main
C:   00000185  G$esc_RAM_SPI$0$0                  main
C:   00000185  _esc_RAM_SPI                       main
C:   00000187  A$main$1748                        main
C:   00000189  A$main$1751                        main
C:   00000189  C$RAM_SPI.c$9$1$30                 main
C:   0000018C  A$main$1754                        main
C:   0000018C  C$RAM_SPI.c$10$1$30                main
C:   0000018E  A$main$1759                        main
C:   0000018E  C$RAM_SPI.c$11$1$30                main
C:   0000018E  C$RAM_SPI.c$13$1$30                main
C:   00000190  A$main$1762                        main
C:   00000190  C$RAM_SPI.c$15$1$30                main
C:   00000193  A$main$1766                        main
C:   00000193  C$RAM_SPI.c$16$1$30                main
C:   00000196  A$main$1769                        main
C:   00000196  C$RAM_SPI.c$18$1$30                main
C:   00000198  A$main$1773                        main
C:   00000198  C$RAM_SPI.c$19$1$30                main
C:   0000019B  A$main$1776                        main
C:   0000019B  C$RAM_SPI.c$21$1$30                main
C:   0000019D  A$main$1780                        main
C:   0000019D  C$RAM_SPI.c$22$1$30                main
C:   000001A0  A$main$1783                        main
C:   000001A0  C$RAM_SPI.c$24$1$30                main
[...]
C:   0000039B  A$main$2352                        main
C:   0000039D  A$main$2353                        main
C:   000003A0  A$main$2354                        main
C:   000003A2  A$main$2355                        main
C:   000003A4  A$main$2358                        main
C:   000003A4  C$main.c$94$4$60                   main
C:   000003A7  A$main$2362                        main
C:   000003A7  C$main.c$97$2$54                   main
C:   000003AA  A$main$2365                        main
C:   000003AA  C$main.c$100$2$54                  main
C:   000003AD  A$main$2366                        main
C:   000003B0  A$main$2370                        main
C:   000003B0  C$main.c$103$1$53                  main
C:   000003B3  A$main$2371                        main
C:   000003B6  A$main$2374                        main
C:   000003B6  C$main.c$105$1$53                  main
C:   000003B6  XG$modoAutomatico$0$0              main
C:   000003B7  A$main$2387                        main
C:   000003B7  C$main.c$107$1$53                  main
C:   000003B7  C$main.c$108$1$62                  main
C:   000003B7  G$modoManual$0$0                   main
C:   000003B7  _modoManual                        main
C:   000003BA  A$main$2390                        main
C:   000003BA  C$main.c$109$1$62                  main
C:   000003BC  A$main$2391                        main
C:   000003BE  A$main$2392                        main
C:   000003C0  A$main$2393                        main
C:   000003C2  A$main$2394                        main
C:   000003C5  A$main$2395                        main
C:   000003C7  A$main$2396                        main
C:   000003C9  A$main$2399                        main
C:   000003C9  C$main.c$111$1$62                  main
C:   000003CB  A$main$2400                        main
C:   000003CD  A$main$2401                        main
C:   000003CF  A$main$2402                        main
C:   000003D1  A$main$2403                        main
C:   000003D4  A$main$2404                        main
C:   000003D6  A$main$2405                        main
C:   000003D8  A$main$2408                        main
C:   000003D8  C$main.c$112$1$62                  main
C:   000003DA  A$main$2409                        main
C:   000003DC  A$main$2410                        main
C:   000003DE  A$main$2411                        main
C:   000003E0  A$main$2412                        main
C:   000003E3  A$main$2413                        main
C:   000003E5  A$main$2414                        main
C:   000003E7  A$main$2417                        main
C:   000003E7  C$main.c$113$1$62                  main
C:   000003E9  A$main$2418                        main
ASxxxx Linker V03.00 + NoICE + sdld,  page 44.
Hexadecimal  [32-Bits]

Area                                    Addr        Size        Decimal Bytes (Attributes)
--------------------------------        ----        ----        ------- ----- ------------
CSEG                                000000A0    00000998 =        2456. bytes (REL,CON,CODE)

      Value  Global                              Global Defined In Module
      -----  --------------------------------   ------------------------
C:   000003EB  A$main$2419                        main
C:   000003ED  A$main$2420                        main
C:   000003EF  A$main$2421                        main
C:   000003F2  A$main$2422                        main
C:   000003F4  A$main$2423                        main
C:   000003F6  A$main$2426                        main
C:   000003F6  C$main.c$114$1$62                  main
C:   000003F8  A$main$2427                        main
C:   000003FA  A$main$2428                        main
C:   000003FC  A$main$2429                        main
C:   000003FE  A$main$2430                        main
C:   00000401  A$main$2431                        main
C:   00000403  A$main$2432                        main
C:   00000405  A$main$2436                        main
C:   00000405  C$main.c$116$4$73                  main
C:   00000407  A$main$2437                        main
C:   00000409  A$main$2438                        main
C:   0000040C  A$main$2442                        main
C:   0000040C  C$main.c$117$2$63                  main
C:   0000040E  A$main$2443                        main
C:   00000410  A$main$2444                        main
C:   00000413  A$main$2448                        main
C:   00000413  C$main.c$118$3$64                  main
C:   00000416  A$main$2449                        main
C:   00000419  A$main$2450                        main
C:   0000041C  A$main$2453                        main
C:   0000041C  C$main.c$119$3$64                  main
C:   0000041F  A$main$2456                        main
C:   0000041F  C$main.c$120$3$64                  main
C:   00000421  A$main$2457                        main
C:   00000424  A$main$2460                        main
C:   00000424  C$main.c$122$4$65                  main
C:   00000426  A$main$2461                        main
C:   00000428  A$main$2462                        main
C:   0000042A  A$main$2463                        main
C:   0000042C  A$main$2464                        main
C:   0000042F  A$main$2465                        main
C:   00000431  A$main$2466                        main
C:   00000433  A$main$2469                        main
C:   00000433  C$main.c$123$4$65                  main
C:   00000436  A$main$2470                        main
C:   00000439  A$main$2471                        main
C:   0000043C  A$main$2474                        main
C:   0000043C  C$main.c$124$4$65                  main
C:   0000043F  A$main$2475                        main
C:   00000442  A$main$2479                        main
C:   00000442  C$main.c$127$3$64                  main
C:   00000444  A$main$2480                        main
C:   00000447  A$main$2483                        main
C:   00000447  C$main.c$130$4$66                  main
C:   00000449  A$main$2484                        main
ASxxxx Linker V03.00 + NoICE + sdld,  page 45.
Hexadecimal  [32-Bits]

Area                                    Addr        Size        Decimal Bytes (Attributes)
--------------------------------        ----        ----        ------- ----- ------------
CSEG                                000000A0    00000998 =        2456. bytes (REL,CON,CODE)

      Value  Global                              Global Defined In Module
      -----  --------------------------------   ------------------------
C:   0000044B  A$main$2487                        main
C:   0000044B  C$main.c$131$5$67                  main
C:   0000044E  A$main$2488                        main
C:   00000451  A$main$2489                        main
C:   00000454  A$main$2492                        main
C:   00000454  C$main.c$132$5$67                  main
C:   00000456  A$main$2493                        main
C:   00000458  A$main$2494                        main
C:   0000045A  A$main$2495                        main
C:   0000045C  A$main$2496                        main
C:   0000045F  A$main$2497                        main
C:   00000461  A$main$2498                        main
C:   00000463  A$main$2501                        main
C:   00000463  C$main.c$134$5$67                  main
C:   00000466  A$main$2502                        main
C:   00000469  A$main$2506                        main
C:   00000469  C$main.c$136$5$68                  main
C:   0000046B  A$main$2507                        main
C:   0000046D  A$main$2508                        main
C:   0000046F  A$main$2509                        main
C:   00000471  A$main$2510                        main
C:   00000474  A$main$2511                        main
C:   00000476  A$main$2512                        main
C:   00000478  A$main$2513                        main
C:   0000047B  A$main$2517                        main
C:   0000047B  C$main.c$140$3$64                  main
C:   0000047D  A$main$2518                        main
C:   00000480  A$main$2521                        main
C:   00000480  C$main.c$143$4$69                  main
C:   00000482  A$main$2522                        main
C:   00000484  A$main$2525                        main
C:   00000484  C$main.c$144$5$70                  main
C:   00000487  A$main$2526                        main
C:   0000048A  A$main$2527                        main
C:   0000048D  A$main$2530                        main
C:   0000048D  C$main.c$145$5$70                  main
C:   0000048F  A$main$2531                        main
C:   00000491  A$main$2532                        main
C:   00000493  A$main$2533                        main
C:   00000495  A$main$2534                        main
C:   00000498  A$main$2535                        main
C:   0000049A  A$main$2536                        main
C:   0000049C  A$main$2539                        main
C:   0000049C  C$main.c$147$5$70                  main
C:   0000049F  A$main$2540                        main
C:   000004A1  A$main$2544                        main
C:   000004A1  C$main.c$149$5$71                  main
C:   000004A3  A$main$2545                        main
C:   000004A5  A$main$2546                        main
C:   000004A7  A$main$2547                        main
C:   000004A9  A$main$2548                        main
ASxxxx Linker V03.00 + NoICE + sdld,  page 46.
Hexadecimal  [32-Bits]

Area                                    Addr        Size        Decimal Bytes (Attributes)
--------------------------------        ----        ----        ------- ----- ------------
CSEG                                000000A0    00000998 =        2456. bytes (REL,CON,CODE)

      Value  Global                              Global Defined In Module
      -----  --------------------------------   ------------------------
C:   000004AC  A$main$2549                        main
C:   000004AE  A$main$2550                        main
C:   000004B0  A$main$2551                        main
C:   000004B2  A$main$2555                        main
C:   000004B2  C$main.c$153$3$64                  main
C:   000004B4  A$main$2556                        main
C:   000004B7  A$main$2559                        main
C:   000004B7  C$main.c$155$4$72                  main
C:   000004B9  A$main$2560                        main
C:   000004BB  A$main$2561                        main
C:   000004BD  A$main$2562                        main
C:   000004BF  A$main$2563                        main
C:   000004C2  A$main$2564                        main
C:   000004C4  A$main$2565                        main
C:   000004C6  A$main$2568                        main
C:   000004C6  C$main.c$156$4$72                  main
C:   000004C8  A$main$2569                        main
C:   000004CA  A$main$2570                        main
C:   000004CC  A$main$2571                        main
C:   000004CE  A$main$2572                        main
C:   000004D1  A$main$2573                        main
C:   000004D3  A$main$2574                        main
C:   000004D5  A$main$2577                        main
C:   000004D5  C$main.c$157$4$72                  main
C:   000004D7  A$main$2578                        main
C:   000004D9  A$main$2579                        main
C:   000004DB  A$main$2580                        main
C:   000004DD  A$main$2581                        main
C:   000004E0  A$main$2582                        main
C:   000004E2  A$main$2583                        main
C:   000004E4  A$main$2586                        main
C:   000004E4  C$main.c$158$4$72                  main
C:   000004E6  A$main$2587                        main
C:   000004E8  A$main$2588                        main
C:   000004EA  A$main$2589                        main
C:   000004EC  A$main$2590                        main
C:   000004EF  A$main$2591                        main
C:   000004F1  A$main$2592                        main
C:   000004F3  A$main$2593                        main
C:   000004F5  A$main$2597                        main
C:   000004F5  C$main.c$162$4$73                  main
C:   000004F7  A$main$2598                        main
C:   000004F9  A$main$2599                        main
C:   000004FB  A$main$2600                        main
C:   000004FD  A$main$2601                        main
C:   00000500  A$main$2602                        main
C:   00000502  A$main$2603                        main
C:   00000504  A$main$2606                        main
C:   00000504  C$main.c$163$4$73                  main
C:   00000506  A$main$2607                        main
C:   00000508  A$main$2608                        main
ASxxxx Linker V03.00 + NoICE + sdld,  page 47.
Hexadecimal  [32-Bits]

Area                                    Addr        Size        Decimal Bytes (Attributes)
--------------------------------        ----        ----        ------- ----- ------------
CSEG                                000000A0    00000998 =        2456. bytes (REL,CON,CODE)

      Value  Global                              Global Defined In Module
      -----  --------------------------------   ------------------------
C:   0000050A  A$main$2609                        main
C:   0000050C  A$main$2610                        main
C:   0000050F  A$main$2611                        main
C:   00000511  A$main$2612                        main
C:   00000513  A$main$2616                        main
C:   00000513  C$main.c$166$3$64                  main
C:   00000516  A$main$2620                        main
C:   00000516  C$main.c$169$2$63                  main
C:   00000519  A$main$2621                        main
C:   0000051C  A$main$2625                        main
C:   0000051C  C$main.c$172$1$62                  main
C:   0000051F  A$main$2626                        main
C:   00000522  A$main$2629                        main
C:   00000522  C$main.c$173$1$62                  main
C:   00000522  XG$modoManual$0$0                  main
C:   00000523  A$main$2644                        main
C:   00000523  C$main.c$176$1$62                  main
C:   00000523  C$main.c$179$1$75                  main
C:   00000523  G$main$0$0                         main
C:   00000523  _main                              main
C:   00000526  A$main$2647                        main
C:   00000526  C$main.c$180$1$75                  main
C:   00000529  A$main$2650                        main
C:   00000529  C$main.c$182$1$75                  main
C:   0000052B  A$main$2651                        main
C:   0000052D  A$main$2652                        main
C:   0000052F  A$main$2653                        main
C:   00000531  A$main$2654                        main
C:   00000534  A$main$2655                        main
C:   00000536  A$main$2656                        main
C:   00000538  A$main$2659                        main
C:   00000538  C$main.c$185$1$75                  main
C:   0000053B  A$main$2665                        main
C:   0000053B  C$main.c$187$1$75                  main
C:   0000053B  C$main.c$188$2$76                  main
C:   0000053E  A$main$2666                        main
C:   00000541  A$main$2667                        main
C:   00000543  A$main$2670                        main
C:   00000543  C$main.c$189$2$76                  main
C:   00000546  A$main$2673                        main
C:   00000546  C$main.c$190$2$76                  main
C:   00000547  A$main$2674                        main
C:   00000549  A$main$2677                        main
C:   00000549  C$main.c$191$3$77                  main
C:   0000054C  A$main$2678                        main
C:   0000054E  A$main$2682                        main
C:   0000054E  C$main.c$193$3$78                  main
C:   00000551  A$main$2683                        main
C:   00000553  A$main$2686                        main
C:   00000553  C$main.c$196$1$75                  main
C:   00000553  XG$main$0$0                        main
ASxxxx Linker V03.00 + NoICE + sdld,  page 48.
Hexadecimal  [32-Bits]

Area                                    Addr        Size        Decimal Bytes (Attributes)
--------------------------------        ----        ----        ------- ----- ------------
CSEG                                000000A0    00000998 =        2456. bytes (REL,CON,CODE)

      Value  Global                              Global Defined In Module
      -----  --------------------------------   ------------------------
C:   00000554  _printf_fast_f                     printf_fast_f
C:   000009D5  fs_rshift_a                        _fsrshift
C:   00000A18  __gptrget                          _gptrget
C:   00000A34  __sdcc_external_startup            _startup
ASxxxx Linker V03.00 + NoICE + sdld,  page 49.
Hexadecimal  [32-Bits]

Area                                    Addr        Size        Decimal Bytes (Attributes)
--------------------------------        ----        ----        ------- ----- ------------
CONST                               00000A38    0000037F =         895. bytes (REL,CON,CODE)

      Value  Global                              Global Defined In Module
      -----  --------------------------------   ------------------------
C:   00000A38  Fmain$__str_0$0$0                  main
C:   00000A44  Fmain$__str_1$0$0                  main
C:   00000A50  Fmain$__str_2$0$0                  main
C:   00000A5D  Fmain$__str_3$0$0                  main
C:   00000A75  Fmain$__str_4$0$0                  main
C:   00000A97  Fmain$__str_5$0$0                  main
C:   00000AB7  Fmain$__str_6$0$0                  main
C:   00000AC0  Fmain$__str_7$0$0                  main
C:   00000AD4  Fmain$__str_8$0$0                  main
C:   00000AE5  Fmain$__str_9$0$0                  main
C:   00000AF9  Fmain$__str_10$0$0                 main
C:   00000B0E  Fmain$__str_11$0$0                 main
C:   00000B2A  Fmain$__str_12$0$0                 main
C:   00000B46  Fmain$__str_13$0$0                 main
C:   00000B60  Fmain$__str_14$0$0                 main
C:   00000B7E  Fmain$__str_15$0$0                 main
C:   00000B9A  Fmain$__str_16$0$0                 main
C:   00000BAE  Fmain$__str_17$0$0                 main
C:   00000BD3  Fmain$__str_18$0$0                 main

ASxxxx Linker V03.00 + NoICE + sdld,  page 50.

Files Linked                              [ module(s) ]

C:\Users\202019050142\Documents\micap\Trabalho\main.rel
                                          [  ]


Libraries Linked                          [ object file ]

C:\Program Files\SDCC\bin\..\lib\small/libsdcc.lib
                                          [ printf_fast_f.rel ]
C:\Program Files\SDCC\bin\..\lib\small/mcs51.lib
                                          [ crtclear.rel ]
C:\Program Files\SDCC\bin\..\lib\small/libfloat.lib
                                          [ _fsrshift.rel ]
C:\Program Files\SDCC\bin\..\lib\small/mcs51.lib
                                          [ crtxinit.rel ]
C:\Program Files\SDCC\bin\..\lib\small/mcs51.lib
                                          [ crtxclear.rel ]
C:\Program Files\SDCC\bin\..\lib\small/libsdcc.lib
                                          [ _bp.rel ]
C:\Program Files\SDCC\bin\..\lib\small/mcs51.lib
                                          [ crtstart.rel ]
C:\Program Files\SDCC\bin\..\lib\small/libsdcc.lib
                                          [ _gptrget.rel ]
C:\Program Files\SDCC\bin\..\lib\small/libsdcc.lib
                                          [ _startup.rel ]

ASxxxx Linker V03.00 + NoICE + sdld,  page 51.

User Base Address Definitions

HOME = 0x0000
XSEG = 0x0001
PSEG = 0x0001
ISEG = 0x0000
BSEG = 0x0000

